                       q3                       
------------------------------------------------
 John Ng gave up at Yarra Boulevard
 Leebien Cardassilaris gave up at Bellbird Park
(2 rows)
