                     q3                     
--------------------------------------------
 Kirsten Fitrzyk gave up at Bennelong Point
 Samuel Thai gave up at Hyde Park
(2 rows)
